Copyright 1986-2022 Xilinx, Inc. All Rights Reserved. Copyright 2022-2025 Advanced Micro Devices, Inc. All Rights Reserved.
------------------------------------------------------------------------------------------------------------------------------------------------------------------------------------------------------------------------------------------------------------------
| Tool Version : Vivado v.2025.2 (lin64) Build 6299465 Fri Nov 14 12:34:56 MST 2025
| Date         : Thu Jul  2 14:16:20 2026
| Host         : pyra-pargat-linuxmint running 64-bit Linux Mint 22.3
| Command      : report_timing_summary -max_paths 10 -routable_nets -report_unconstrained -file matrix_to_sevenseg_timing_summary_routed.rpt -pb matrix_to_sevenseg_timing_summary_routed.pb -rpx matrix_to_sevenseg_timing_summary_routed.rpx -warn_on_violation
| Design       : matrix_to_sevenseg
| Device       : 7z007s-clg400
| Speed File   : -1  PRODUCTION 1.12 2019-11-22
| Design State : Routed
------------------------------------------------------------------------------------------------------------------------------------------------------------------------------------------------------------------------------------------------------------------

Timing Summary Report

------------------------------------------------------------------------------------------------
| Timer Settings
| --------------
------------------------------------------------------------------------------------------------

  Enable Multi Corner Analysis               :  Yes
  Enable Pessimism Removal                   :  Yes
  Pessimism Removal Resolution               :  Nearest Common Node
  Enable Input Delay Default Clock           :  No
  Enable Preset / Clear Arcs                 :  No
  Disable Flight Delays                      :  No
  Ignore I/O Paths                           :  No
  Timing Early Launch at Borrowing Latches   :  No
  Borrow Time for Max Delay Exceptions       :  Yes
  Merge Timing Exceptions                    :  Yes
  Inter-SLR Compensation                     :  Conservative

  Corner  Analyze    Analyze    
  Name    Max Paths  Min Paths  
  ------  ---------  ---------  
  Slow    Yes        Yes        
  Fast    Yes        Yes        


------------------------------------------------------------------------------------------------
| Report Methodology
| ------------------
------------------------------------------------------------------------------------------------

Rule       Severity          Description                  Violations  
---------  ----------------  ---------------------------  ----------  
TIMING-17  Critical Warning  Non-clocked sequential cell  41          

Note: This report is based on the most recent report_methodology run and may not be up-to-date. Run report_methodology on the current design for the latest report.



check_timing report

Table of Contents
-----------------
1. checking no_clock (41)
2. checking constant_clock (0)
3. checking pulse_width_clock (0)
4. checking unconstrained_internal_endpoints (82)
5. checking no_input_delay (5)
6. checking no_output_delay (16)
7. checking multiple_clock (0)
8. checking generated_clocks (0)
9. checking loops (0)
10. checking partial_input_delay (0)
11. checking partial_output_delay (0)
12. checking latch_loops (0)

1. checking no_clock (41)
-------------------------
 There are 37 register/latch pins with no clock driven by root clock pin: clk (HIGH)

 There are 4 register/latch pins with no clock driven by root clock pin: cd0/clk_div_reg/Q (HIGH)


2. checking constant_clock (0)
------------------------------
 There are 0 register/latch pins with constant_clock.


3. checking pulse_width_clock (0)
---------------------------------
 There are 0 register/latch pins which need pulse_width check


4. checking unconstrained_internal_endpoints (82)
-------------------------------------------------
 There are 82 pins that are not constrained for maximum delay. (HIGH)

 There are 0 pins that are not constrained for maximum delay due to constant clock.


5. checking no_input_delay (5)
------------------------------
 There are 5 input ports with no input delay specified. (HIGH)

 There are 0 input ports with no input delay but user has a false path constraint.


6. checking no_output_delay (16)
--------------------------------
 There are 16 ports with no output delay specified. (HIGH)

 There are 0 ports with no output delay but user has a false path constraint

 There are 0 ports with no output delay but with a timing clock defined on it or propagating through it


7. checking multiple_clock (0)
------------------------------
 There are 0 register/latch pins with multiple clocks.


8. checking generated_clocks (0)
--------------------------------
 There are 0 generated clocks that are not connected to a clock source.


9. checking loops (0)
---------------------
 There are 0 combinational loops in the design.


10. checking partial_input_delay (0)
------------------------------------
 There are 0 input ports with partial input delay specified.


11. checking partial_output_delay (0)
-------------------------------------
 There are 0 ports with partial output delay specified.


12. checking latch_loops (0)
----------------------------
 There are 0 combinational latch loops in the design through latch input



------------------------------------------------------------------------------------------------
| Design Timing Summary
| ---------------------
------------------------------------------------------------------------------------------------

    WNS(ns)      TNS(ns)  TNS Failing Endpoints  TNS Total Endpoints      WHS(ns)      THS(ns)  THS Failing Endpoints  THS Total Endpoints     WPWS(ns)     TPWS(ns)  TPWS Failing Endpoints  TPWS Total Endpoints  
    -------      -------  ---------------------  -------------------      -------      -------  ---------------------  -------------------     --------     --------  ----------------------  --------------------  
        inf        0.000                      0                   98          inf        0.000                      0                   98           NA           NA                      NA                    NA  


There are no user specified timing constraints.


------------------------------------------------------------------------------------------------
| Clock Summary
| -------------
------------------------------------------------------------------------------------------------


------------------------------------------------------------------------------------------------
| Intra Clock Table
| -----------------
------------------------------------------------------------------------------------------------

Clock             WNS(ns)      TNS(ns)  TNS Failing Endpoints  TNS Total Endpoints      WHS(ns)      THS(ns)  THS Failing Endpoints  THS Total Endpoints     WPWS(ns)     TPWS(ns)  TPWS Failing Endpoints  TPWS Total Endpoints  
-----             -------      -------  ---------------------  -------------------      -------      -------  ---------------------  -------------------     --------     --------  ----------------------  --------------------  


------------------------------------------------------------------------------------------------
| Inter Clock Table
| -----------------
------------------------------------------------------------------------------------------------

From Clock    To Clock          WNS(ns)      TNS(ns)  TNS Failing Endpoints  TNS Total Endpoints      WHS(ns)      THS(ns)  THS Failing Endpoints  THS Total Endpoints  
----------    --------          -------      -------  ---------------------  -------------------      -------      -------  ---------------------  -------------------  


------------------------------------------------------------------------------------------------
| Other Path Groups Table
| -----------------------
------------------------------------------------------------------------------------------------

Path Group    From Clock    To Clock          WNS(ns)      TNS(ns)  TNS Failing Endpoints  TNS Total Endpoints      WHS(ns)      THS(ns)  THS Failing Endpoints  THS Total Endpoints  
----------    ----------    --------          -------      -------  ---------------------  -------------------      -------      -------  ---------------------  -------------------  


------------------------------------------------------------------------------------------------
| User Ignored Path Table
| -----------------------
------------------------------------------------------------------------------------------------

Path Group    From Clock    To Clock    
----------    ----------    --------    


------------------------------------------------------------------------------------------------
| Unconstrained Path Table
| ------------------------
------------------------------------------------------------------------------------------------

Path Group    From Clock    To Clock    
----------    ----------    --------    
(none)                                    


------------------------------------------------------------------------------------------------
| Timing Details
| --------------
------------------------------------------------------------------------------------------------


--------------------------------------------------------------------------------------
Path Group:  (none)
From Clock:  
  To Clock:  

Max Delay            98 Endpoints
Min Delay            98 Endpoints
--------------------------------------------------------------------------------------


Max Delay Paths
--------------------------------------------------------------------------------------
Slack:                    inf
  Source:                 JC8
                            (input port)
  Destination:            led[0]
                            (output port)
  Path Group:             (none)
  Path Type:              Max at Slow Process Corner
  Data Path Delay:        10.347ns  (logic 5.103ns (49.323%)  route 5.244ns (50.677%))
  Logic Levels:           3  (IBUF=1 LUT6=1 OBUF=1)

    Location             Delay type                Incr(ns)  Path(ns)    Netlist Resource(s)
  -------------------------------------------------------------------    -------------------
    G14                                               0.000     0.000 f  JC8 (IN)
                         net (fo=0)                   0.000     0.000    JC8
    G14                  IBUF (Prop_ibuf_I_O)         1.431     1.431 f  JC8_IBUF_inst/O
                         net (fo=2, routed)           2.475     3.905    md0/JC8_IBUF
    SLICE_X43Y57         LUT6 (Prop_lut6_I5_O)        0.124     4.029 r  md0/led_OBUF[0]_inst_i_1/O
                         net (fo=1, routed)           2.769     6.798    led_OBUF[0]
    N20                  OBUF (Prop_obuf_I_O)         3.549    10.347 r  led_OBUF[0]_inst/O
                         net (fo=0)                   0.000    10.347    led[0]
    N20                                                               r  led[0] (OUT)
  -------------------------------------------------------------------    -------------------

Slack:                    inf
  Source:                 md0/row_no_reg[1]/C
                            (rising edge-triggered cell FDCE)
  Destination:            led[8]
                            (output port)
  Path Group:             (none)
  Path Type:              Max at Slow Process Corner
  Data Path Delay:        8.222ns  (logic 4.420ns (53.762%)  route 3.802ns (46.238%))
  Logic Levels:           3  (FDCE=1 LUT4=1 OBUF=1)

    Location             Delay type                Incr(ns)  Path(ns)    Netlist Resource(s)
  -------------------------------------------------------------------    -------------------
    SLICE_X42Y36         FDCE                         0.000     0.000 r  md0/row_no_reg[1]/C
    SLICE_X42Y36         FDCE (Prop_fdce_C_Q)         0.518     0.518 r  md0/row_no_reg[1]/Q
                         net (fo=9, routed)           0.896     1.414    md0/row_no[1]
    SLICE_X42Y36         LUT4 (Prop_lut4_I3_O)        0.152     1.566 r  md0/led_OBUF[8]_inst_i_1/O
                         net (fo=2, routed)           2.906     4.472    led_OBUF[8]
    W19                  OBUF (Prop_obuf_I_O)         3.750     8.222 r  led_OBUF[8]_inst/O
                         net (fo=0)                   0.000     8.222    led[8]
    W19                                                               r  led[8] (OUT)
  -------------------------------------------------------------------    -------------------

Slack:                    inf
  Source:                 num_to_display_reg[3]/C
                            (rising edge-triggered cell FDRE)
  Destination:            seg_cat[4]
                            (output port)
  Path Group:             (none)
  Path Type:              Max at Slow Process Corner
  Data Path Delay:        7.906ns  (logic 4.176ns (52.816%)  route 3.730ns (47.184%))
  Logic Levels:           3  (FDRE=1 LUT4=1 OBUF=1)

    Location             Delay type                Incr(ns)  Path(ns)    Netlist Resource(s)
  -------------------------------------------------------------------    -------------------
    SLICE_X43Y51         FDRE                         0.000     0.000 r  num_to_display_reg[3]/C
    SLICE_X43Y51         FDRE (Prop_fdre_C_Q)         0.456     0.456 f  num_to_display_reg[3]/Q
                         net (fo=7, routed)           0.835     1.291    num_to_display[3]
    SLICE_X43Y51         LUT4 (Prop_lut4_I0_O)        0.124     1.415 r  seg_cat_OBUF[4]_inst_i_1/O
                         net (fo=1, routed)           2.895     4.310    seg_cat_OBUF[4]
    M17                  OBUF (Prop_obuf_I_O)         3.596     7.906 r  seg_cat_OBUF[4]_inst/O
                         net (fo=0)                   0.000     7.906    seg_cat[4]
    M17                                                               r  seg_cat[4] (OUT)
  -------------------------------------------------------------------    -------------------

Slack:                    inf
  Source:                 md0/row_no_reg[0]/C
                            (rising edge-triggered cell FDCE)
  Destination:            led[9]
                            (output port)
  Path Group:             (none)
  Path Type:              Max at Slow Process Corner
  Data Path Delay:        7.744ns  (logic 4.451ns (57.484%)  route 3.292ns (42.516%))
  Logic Levels:           3  (FDCE=1 LUT4=1 OBUF=1)

    Location             Delay type                Incr(ns)  Path(ns)    Netlist Resource(s)
  -------------------------------------------------------------------    -------------------
    SLICE_X42Y36         FDCE                         0.000     0.000 r  md0/row_no_reg[0]/C
    SLICE_X42Y36         FDCE (Prop_fdce_C_Q)         0.518     0.518 r  md0/row_no_reg[0]/Q
                         net (fo=10, routed)          0.913     1.431    md0/row_no[0]
    SLICE_X42Y36         LUT4 (Prop_lut4_I2_O)        0.156     1.587 r  md0/led_OBUF[9]_inst_i_1/O
                         net (fo=2, routed)           2.379     3.966    led_OBUF[9]
    Y19                  OBUF (Prop_obuf_I_O)         3.777     7.744 r  led_OBUF[9]_inst/O
                         net (fo=0)                   0.000     7.744    led[9]
    Y19                                                               r  led[9] (OUT)
  -------------------------------------------------------------------    -------------------

Slack:                    inf
  Source:                 md0/row_no_reg[0]/C
                            (rising edge-triggered cell FDCE)
  Destination:            led[7]
                            (output port)
  Path Group:             (none)
  Path Type:              Max at Slow Process Corner
  Data Path Delay:        7.553ns  (logic 4.189ns (55.457%)  route 3.364ns (44.543%))
  Logic Levels:           3  (FDCE=1 LUT4=1 OBUF=1)

    Location             Delay type                Incr(ns)  Path(ns)    Netlist Resource(s)
  -------------------------------------------------------------------    -------------------
    SLICE_X42Y36         FDCE                         0.000     0.000 r  md0/row_no_reg[0]/C
    SLICE_X42Y36         FDCE (Prop_fdce_C_Q)         0.518     0.518 r  md0/row_no_reg[0]/Q
                         net (fo=10, routed)          0.894     1.412    md0/row_no[0]
    SLICE_X42Y36         LUT4 (Prop_lut4_I2_O)        0.124     1.536 r  md0/led_OBUF[7]_inst_i_1/O
                         net (fo=2, routed)           2.470     4.006    led_OBUF[7]
    W20                  OBUF (Prop_obuf_I_O)         3.547     7.553 r  led_OBUF[7]_inst/O
                         net (fo=0)                   0.000     7.553    led[7]
    W20                                                               r  led[7] (OUT)
  -------------------------------------------------------------------    -------------------

Slack:                    inf
  Source:                 md0/row_no_reg[0]/C
                            (rising edge-triggered cell FDCE)
  Destination:            JC3
                            (output port)
  Path Group:             (none)
  Path Type:              Max at Slow Process Corner
  Data Path Delay:        7.471ns  (logic 4.398ns (58.869%)  route 3.073ns (41.131%))
  Logic Levels:           3  (FDCE=1 LUT2=1 OBUF=1)

    Location             Delay type                Incr(ns)  Path(ns)    Netlist Resource(s)
  -------------------------------------------------------------------    -------------------
    SLICE_X42Y36         FDCE                         0.000     0.000 r  md0/row_no_reg[0]/C
    SLICE_X42Y36         FDCE (Prop_fdce_C_Q)         0.518     0.518 f  md0/row_no_reg[0]/Q
                         net (fo=10, routed)          0.916     1.434    md0/row_no[0]
    SLICE_X42Y30         LUT2 (Prop_lut2_I1_O)        0.150     1.584 r  md0/JC3_OBUF_inst_i_1/O
                         net (fo=1, routed)           2.157     3.741    JC3_OBUF
    V16                  OBUF (Prop_obuf_I_O)         3.730     7.471 r  JC3_OBUF_inst/O
                         net (fo=0)                   0.000     7.471    JC3
    V16                                                               r  JC3 (OUT)
  -------------------------------------------------------------------    -------------------

Slack:                    inf
  Source:                 md0/row_no_reg[1]/C
                            (rising edge-triggered cell FDCE)
  Destination:            led[6]
                            (output port)
  Path Group:             (none)
  Path Type:              Max at Slow Process Corner
  Data Path Delay:        7.265ns  (logic 4.187ns (57.624%)  route 3.079ns (42.376%))
  Logic Levels:           3  (FDCE=1 LUT4=1 OBUF=1)

    Location             Delay type                Incr(ns)  Path(ns)    Netlist Resource(s)
  -------------------------------------------------------------------    -------------------
    SLICE_X42Y36         FDCE                         0.000     0.000 r  md0/row_no_reg[1]/C
    SLICE_X42Y36         FDCE (Prop_fdce_C_Q)         0.518     0.518 r  md0/row_no_reg[1]/Q
                         net (fo=9, routed)           0.896     1.414    md0/row_no[1]
    SLICE_X42Y36         LUT4 (Prop_lut4_I3_O)        0.124     1.538 r  md0/led_OBUF[6]_inst_i_1/O
                         net (fo=2, routed)           2.183     3.721    led_OBUF[6]
    V20                  OBUF (Prop_obuf_I_O)         3.545     7.265 r  led_OBUF[6]_inst/O
                         net (fo=0)                   0.000     7.265    led[6]
    V20                                                               r  led[6] (OUT)
  -------------------------------------------------------------------    -------------------

Slack:                    inf
  Source:                 num_to_display_reg[0]/C
                            (rising edge-triggered cell FDRE)
  Destination:            seg_cat[2]
                            (output port)
  Path Group:             (none)
  Path Type:              Max at Slow Process Corner
  Data Path Delay:        7.256ns  (logic 4.114ns (56.689%)  route 3.143ns (43.311%))
  Logic Levels:           3  (FDRE=1 LUT4=1 OBUF=1)

    Location             Delay type                Incr(ns)  Path(ns)    Netlist Resource(s)
  -------------------------------------------------------------------    -------------------
    SLICE_X43Y51         FDRE                         0.000     0.000 r  num_to_display_reg[0]/C
    SLICE_X43Y51         FDRE (Prop_fdre_C_Q)         0.456     0.456 f  num_to_display_reg[0]/Q
                         net (fo=7, routed)           0.835     1.291    num_to_display[0]
    SLICE_X43Y51         LUT4 (Prop_lut4_I1_O)        0.124     1.415 r  seg_cat_OBUF[2]_inst_i_1/O
                         net (fo=1, routed)           2.308     3.723    seg_cat_OBUF[2]
    J18                  OBUF (Prop_obuf_I_O)         3.534     7.256 r  seg_cat_OBUF[2]_inst/O
                         net (fo=0)                   0.000     7.256    seg_cat[2]
    J18                                                               r  seg_cat[2] (OUT)
  -------------------------------------------------------------------    -------------------

Slack:                    inf
  Source:                 num_to_display_reg[0]/C
                            (rising edge-triggered cell FDRE)
  Destination:            seg_cat[0]
                            (output port)
  Path Group:             (none)
  Path Type:              Max at Slow Process Corner
  Data Path Delay:        7.213ns  (logic 4.371ns (60.597%)  route 2.842ns (39.403%))
  Logic Levels:           3  (FDRE=1 LUT4=1 OBUF=1)

    Location             Delay type                Incr(ns)  Path(ns)    Netlist Resource(s)
  -------------------------------------------------------------------    -------------------
    SLICE_X43Y51         FDRE                         0.000     0.000 r  num_to_display_reg[0]/C
    SLICE_X43Y51         FDRE (Prop_fdre_C_Q)         0.456     0.456 r  num_to_display_reg[0]/Q
                         net (fo=7, routed)           0.833     1.289    num_to_display[0]
    SLICE_X43Y51         LUT4 (Prop_lut4_I2_O)        0.152     1.441 r  seg_cat_OBUF[0]_inst_i_1/O
                         net (fo=1, routed)           2.009     3.450    seg_cat_OBUF[0]
    K14                  OBUF (Prop_obuf_I_O)         3.763     7.213 r  seg_cat_OBUF[0]_inst/O
                         net (fo=0)                   0.000     7.213    seg_cat[0]
    K14                                                               r  seg_cat[0] (OUT)
  -------------------------------------------------------------------    -------------------

Slack:                    inf
  Source:                 num_to_display_reg[2]/C
                            (rising edge-triggered cell FDRE)
  Destination:            seg_cat[6]
                            (output port)
  Path Group:             (none)
  Path Type:              Max at Slow Process Corner
  Data Path Delay:        7.194ns  (logic 4.110ns (57.129%)  route 3.084ns (42.871%))
  Logic Levels:           3  (FDRE=1 LUT4=1 OBUF=1)

    Location             Delay type                Incr(ns)  Path(ns)    Netlist Resource(s)
  -------------------------------------------------------------------    -------------------
    SLICE_X43Y51         FDRE                         0.000     0.000 r  num_to_display_reg[2]/C
    SLICE_X43Y51         FDRE (Prop_fdre_C_Q)         0.456     0.456 r  num_to_display_reg[2]/Q
                         net (fo=7, routed)           0.680     1.136    num_to_display[2]
    SLICE_X43Y51         LUT4 (Prop_lut4_I2_O)        0.124     1.260 r  seg_cat_OBUF[6]_inst_i_1/O
                         net (fo=1, routed)           2.404     3.664    seg_cat_OBUF[6]
    H18                  OBUF (Prop_obuf_I_O)         3.530     7.194 r  seg_cat_OBUF[6]_inst/O
                         net (fo=0)                   0.000     7.194    seg_cat[6]
    H18                                                               r  seg_cat[6] (OUT)
  -------------------------------------------------------------------    -------------------





Min Delay Paths
--------------------------------------------------------------------------------------
Slack:                    inf
  Source:                 cd0/clk_div_reg/C
                            (rising edge-triggered cell FDCE)
  Destination:            cd0/clk_div_reg/D
  Path Group:             (none)
  Path Type:              Min at Fast Process Corner
  Data Path Delay:        0.354ns  (logic 0.186ns (52.507%)  route 0.168ns (47.493%))
  Logic Levels:           2  (FDCE=1 LUT5=1)

    Location             Delay type                Incr(ns)  Path(ns)    Netlist Resource(s)
  -------------------------------------------------------------------    -------------------
    SLICE_X39Y36         FDCE                         0.000     0.000 r  cd0/clk_div_reg/C
    SLICE_X39Y36         FDCE (Prop_fdce_C_Q)         0.141     0.141 r  cd0/clk_div_reg/Q
                         net (fo=5, routed)           0.168     0.309    cd0/CLK
    SLICE_X39Y36         LUT5 (Prop_lut5_I4_O)        0.045     0.354 r  cd0/clk_div_i_1/O
                         net (fo=1, routed)           0.000     0.354    cd0/clk_div_i_1_n_0
    SLICE_X39Y36         FDCE                                         r  cd0/clk_div_reg/D
  -------------------------------------------------------------------    -------------------

Slack:                    inf
  Source:                 cd0/count_reg[0]/C
                            (rising edge-triggered cell FDCE)
  Destination:            cd0/count_reg[0]/D
  Path Group:             (none)
  Path Type:              Min at Fast Process Corner
  Data Path Delay:        0.384ns  (logic 0.209ns (54.393%)  route 0.175ns (45.607%))
  Logic Levels:           2  (FDCE=1 LUT1=1)

    Location             Delay type                Incr(ns)  Path(ns)    Netlist Resource(s)
  -------------------------------------------------------------------    -------------------
    SLICE_X42Y32         FDCE                         0.000     0.000 r  cd0/count_reg[0]/C
    SLICE_X42Y32         FDCE (Prop_fdce_C_Q)         0.164     0.164 f  cd0/count_reg[0]/Q
                         net (fo=3, routed)           0.175     0.339    cd0/count[0]
    SLICE_X42Y32         LUT1 (Prop_lut1_I0_O)        0.045     0.384 r  cd0/count[0]_i_1/O
                         net (fo=1, routed)           0.000     0.384    cd0/count_0[0]
    SLICE_X42Y32         FDCE                                         r  cd0/count_reg[0]/D
  -------------------------------------------------------------------    -------------------

Slack:                    inf
  Source:                 md0/col_no_reg[0]/C
                            (rising edge-triggered cell FDCE)
  Destination:            md0/col_no_reg[1]/D
  Path Group:             (none)
  Path Type:              Min at Fast Process Corner
  Data Path Delay:        0.406ns  (logic 0.207ns (51.043%)  route 0.199ns (48.957%))
  Logic Levels:           2  (FDCE=1 LUT2=1)

    Location             Delay type                Incr(ns)  Path(ns)    Netlist Resource(s)
  -------------------------------------------------------------------    -------------------
    SLICE_X42Y36         FDCE                         0.000     0.000 r  md0/col_no_reg[0]/C
    SLICE_X42Y36         FDCE (Prop_fdce_C_Q)         0.164     0.164 r  md0/col_no_reg[0]/Q
                         net (fo=10, routed)          0.199     0.363    md0/col_no[0]
    SLICE_X42Y36         LUT2 (Prop_lut2_I0_O)        0.043     0.406 r  md0/col_no[1]_i_1/O
                         net (fo=1, routed)           0.000     0.406    md0/col_no[1]_i_1_n_0
    SLICE_X42Y36         FDCE                                         r  md0/col_no_reg[1]/D
  -------------------------------------------------------------------    -------------------

Slack:                    inf
  Source:                 md0/col_no_reg[0]/C
                            (rising edge-triggered cell FDCE)
  Destination:            md0/col_no_reg[0]/D
  Path Group:             (none)
  Path Type:              Min at Fast Process Corner
  Data Path Delay:        0.408ns  (logic 0.209ns (51.283%)  route 0.199ns (48.717%))
  Logic Levels:           2  (FDCE=1 LUT1=1)

    Location             Delay type                Incr(ns)  Path(ns)    Netlist Resource(s)
  -------------------------------------------------------------------    -------------------
    SLICE_X42Y36         FDCE                         0.000     0.000 r  md0/col_no_reg[0]/C
    SLICE_X42Y36         FDCE (Prop_fdce_C_Q)         0.164     0.164 f  md0/col_no_reg[0]/Q
                         net (fo=10, routed)          0.199     0.363    md0/col_no[0]
    SLICE_X42Y36         LUT1 (Prop_lut1_I0_O)        0.045     0.408 r  md0/col_no[0]_i_1/O
                         net (fo=1, routed)           0.000     0.408    md0/col_no[0]_i_1_n_0
    SLICE_X42Y36         FDCE                                         r  md0/col_no_reg[0]/D
  -------------------------------------------------------------------    -------------------

Slack:                    inf
  Source:                 md0/col_no_reg[1]/C
                            (rising edge-triggered cell FDCE)
  Destination:            md0/row_no_reg[1]/D
  Path Group:             (none)
  Path Type:              Min at Fast Process Corner
  Data Path Delay:        0.435ns  (logic 0.250ns (57.449%)  route 0.185ns (42.551%))
  Logic Levels:           2  (FDCE=1 LUT4=1)

    Location             Delay type                Incr(ns)  Path(ns)    Netlist Resource(s)
  -------------------------------------------------------------------    -------------------
    SLICE_X42Y36         FDCE                         0.000     0.000 r  md0/col_no_reg[1]/C
    SLICE_X42Y36         FDCE (Prop_fdce_C_Q)         0.148     0.148 r  md0/col_no_reg[1]/Q
                         net (fo=9, routed)           0.185     0.333    md0/col_no[1]
    SLICE_X42Y36         LUT4 (Prop_lut4_I1_O)        0.102     0.435 r  md0/row_no[1]_i_1/O
                         net (fo=1, routed)           0.000     0.435    md0/row_no[1]_i_1_n_0
    SLICE_X42Y36         FDCE                                         r  md0/row_no_reg[1]/D
  -------------------------------------------------------------------    -------------------

Slack:                    inf
  Source:                 cd0/count_reg[2]/C
                            (rising edge-triggered cell FDCE)
  Destination:            cd0/count_reg[4]/D
  Path Group:             (none)
  Path Type:              Min at Fast Process Corner
  Data Path Delay:        0.506ns  (logic 0.231ns (45.690%)  route 0.275ns (54.310%))
  Logic Levels:           3  (FDCE=1 LUT5=2)

    Location             Delay type                Incr(ns)  Path(ns)    Netlist Resource(s)
  -------------------------------------------------------------------    -------------------
    SLICE_X39Y32         FDCE                         0.000     0.000 r  cd0/count_reg[2]/C
    SLICE_X39Y32         FDCE (Prop_fdce_C_Q)         0.141     0.141 f  cd0/count_reg[2]/Q
                         net (fo=2, routed)           0.123     0.264    cd0/count[2]
    SLICE_X41Y32         LUT5 (Prop_lut5_I0_O)        0.045     0.309 r  cd0/count[31]_i_4/O
                         net (fo=32, routed)          0.152     0.461    cd0/count[31]_i_4_n_0
    SLICE_X41Y32         LUT5 (Prop_lut5_I2_O)        0.045     0.506 r  cd0/count[4]_i_1/O
                         net (fo=1, routed)           0.000     0.506    cd0/count_0[4]
    SLICE_X41Y32         FDCE                                         r  cd0/count_reg[4]/D
  -------------------------------------------------------------------    -------------------

Slack:                    inf
  Source:                 cd0/count_reg[25]/C
                            (rising edge-triggered cell FDCE)
  Destination:            cd0/count_reg[28]/D
  Path Group:             (none)
  Path Type:              Min at Fast Process Corner
  Data Path Delay:        0.515ns  (logic 0.231ns (44.868%)  route 0.284ns (55.132%))
  Logic Levels:           3  (FDCE=1 LUT5=2)

    Location             Delay type                Incr(ns)  Path(ns)    Netlist Resource(s)
  -------------------------------------------------------------------    -------------------
    SLICE_X41Y38         FDCE                         0.000     0.000 r  cd0/count_reg[25]/C
    SLICE_X41Y38         FDCE (Prop_fdce_C_Q)         0.141     0.141 r  cd0/count_reg[25]/Q
                         net (fo=2, routed)           0.178     0.319    cd0/count[25]
    SLICE_X41Y38         LUT5 (Prop_lut5_I3_O)        0.045     0.364 r  cd0/count[31]_i_3/O
                         net (fo=32, routed)          0.106     0.470    cd0/count[31]_i_3_n_0
    SLICE_X41Y38         LUT5 (Prop_lut5_I1_O)        0.045     0.515 r  cd0/count[28]_i_1/O
                         net (fo=1, routed)           0.000     0.515    cd0/count_0[28]
    SLICE_X41Y38         FDCE                                         r  cd0/count_reg[28]/D
  -------------------------------------------------------------------    -------------------

Slack:                    inf
  Source:                 md0/col_no_reg[1]/C
                            (rising edge-triggered cell FDCE)
  Destination:            md0/row_no_reg[0]/D
  Path Group:             (none)
  Path Type:              Min at Fast Process Corner
  Data Path Delay:        0.527ns  (logic 0.246ns (46.672%)  route 0.281ns (53.328%))
  Logic Levels:           2  (FDCE=1 LUT3=1)

    Location             Delay type                Incr(ns)  Path(ns)    Netlist Resource(s)
  -------------------------------------------------------------------    -------------------
    SLICE_X42Y36         FDCE                         0.000     0.000 r  md0/col_no_reg[1]/C
    SLICE_X42Y36         FDCE (Prop_fdce_C_Q)         0.148     0.148 r  md0/col_no_reg[1]/Q
                         net (fo=9, routed)           0.169     0.317    md0/col_no[1]
    SLICE_X42Y36         LUT3 (Prop_lut3_I1_O)        0.098     0.415 r  md0/row_no[0]_i_1/O
                         net (fo=1, routed)           0.112     0.527    md0/row_no[0]_i_1_n_0
    SLICE_X42Y36         FDCE                                         r  md0/row_no_reg[0]/D
  -------------------------------------------------------------------    -------------------

Slack:                    inf
  Source:                 cd0/count_reg[10]/C
                            (rising edge-triggered cell FDCE)
  Destination:            cd0/count_reg[9]/D
  Path Group:             (none)
  Path Type:              Min at Fast Process Corner
  Data Path Delay:        0.528ns  (logic 0.231ns (43.760%)  route 0.297ns (56.240%))
  Logic Levels:           3  (FDCE=1 LUT5=2)

    Location             Delay type                Incr(ns)  Path(ns)    Netlist Resource(s)
  -------------------------------------------------------------------    -------------------
    SLICE_X41Y34         FDCE                         0.000     0.000 r  cd0/count_reg[10]/C
    SLICE_X41Y34         FDCE (Prop_fdce_C_Q)         0.141     0.141 f  cd0/count_reg[10]/Q
                         net (fo=2, routed)           0.145     0.286    cd0/count[10]
    SLICE_X41Y34         LUT5 (Prop_lut5_I1_O)        0.045     0.331 r  cd0/count[31]_i_5/O
                         net (fo=32, routed)          0.152     0.483    cd0/count[31]_i_5_n_0
    SLICE_X41Y34         LUT5 (Prop_lut5_I3_O)        0.045     0.528 r  cd0/count[9]_i_1/O
                         net (fo=1, routed)           0.000     0.528    cd0/count_0[9]
    SLICE_X41Y34         FDCE                                         r  cd0/count_reg[9]/D
  -------------------------------------------------------------------    -------------------

Slack:                    inf
  Source:                 cd0/count_reg[18]/C
                            (rising edge-triggered cell FDCE)
  Destination:            cd0/count_reg[19]/D
  Path Group:             (none)
  Path Type:              Min at Fast Process Corner
  Data Path Delay:        0.536ns  (logic 0.231ns (43.069%)  route 0.305ns (56.931%))
  Logic Levels:           3  (FDCE=1 LUT5=2)

    Location             Delay type                Incr(ns)  Path(ns)    Netlist Resource(s)
  -------------------------------------------------------------------    -------------------
    SLICE_X39Y36         FDCE                         0.000     0.000 r  cd0/count_reg[18]/C
    SLICE_X39Y36         FDCE (Prop_fdce_C_Q)         0.141     0.141 r  cd0/count_reg[18]/Q
                         net (fo=2, routed)           0.207     0.348    cd0/count[18]
    SLICE_X41Y36         LUT5 (Prop_lut5_I0_O)        0.045     0.393 r  cd0/count[31]_i_2/O
                         net (fo=32, routed)          0.099     0.491    cd0/count[31]_i_2_n_0
    SLICE_X41Y36         LUT5 (Prop_lut5_I0_O)        0.045     0.536 r  cd0/count[19]_i_1/O
                         net (fo=1, routed)           0.000     0.536    cd0/count_0[19]
    SLICE_X41Y36         FDCE                                         r  cd0/count_reg[19]/D
  -------------------------------------------------------------------    -------------------





