Copyright 1986-2022 Xilinx, Inc. All Rights Reserved. Copyright 2022-2025 Advanced Micro Devices, Inc. All Rights Reserved.
------------------------------------------------------------------------------------------------------------------------------------------------------------------------------------------------------------------------------------------------------------------
| Tool Version : Vivado v.2025.2 (lin64) Build 6299465 Fri Nov 14 12:34:56 MST 2025
| Date         : Thu Jul  2 15:07:54 2026
| Host         : pyra-pargat-linuxmint running 64-bit Linux Mint 22.3
| Command      : report_timing_summary -max_paths 10 -routable_nets -report_unconstrained -file matrix_to_sevenseg_timing_summary_routed.rpt -pb matrix_to_sevenseg_timing_summary_routed.pb -rpx matrix_to_sevenseg_timing_summary_routed.rpx -warn_on_violation
| Design       : matrix_to_sevenseg
| Device       : 7z007s-clg400
| Speed File   : -1  PRODUCTION 1.12 2019-11-22
| Design State : Routed
------------------------------------------------------------------------------------------------------------------------------------------------------------------------------------------------------------------------------------------------------------------

Timing Summary Report

------------------------------------------------------------------------------------------------
| Timer Settings
| --------------
------------------------------------------------------------------------------------------------

  Enable Multi Corner Analysis               :  Yes
  Enable Pessimism Removal                   :  Yes
  Pessimism Removal Resolution               :  Nearest Common Node
  Enable Input Delay Default Clock           :  No
  Enable Preset / Clear Arcs                 :  No
  Disable Flight Delays                      :  No
  Ignore I/O Paths                           :  No
  Timing Early Launch at Borrowing Latches   :  No
  Borrow Time for Max Delay Exceptions       :  Yes
  Merge Timing Exceptions                    :  Yes
  Inter-SLR Compensation                     :  Conservative

  Corner  Analyze    Analyze    
  Name    Max Paths  Min Paths  
  ------  ---------  ---------  
  Slow    Yes        Yes        
  Fast    Yes        Yes        


------------------------------------------------------------------------------------------------
| Report Methodology
| ------------------
------------------------------------------------------------------------------------------------

Rule       Severity          Description                  Violations  
---------  ----------------  ---------------------------  ----------  
TIMING-17  Critical Warning  Non-clocked sequential cell  51          

Note: This report is based on the most recent report_methodology run and may not be up-to-date. Run report_methodology on the current design for the latest report.



check_timing report

Table of Contents
-----------------
1. checking no_clock (51)
2. checking constant_clock (0)
3. checking pulse_width_clock (0)
4. checking unconstrained_internal_endpoints (102)
5. checking no_input_delay (5)
6. checking no_output_delay (16)
7. checking multiple_clock (0)
8. checking generated_clocks (0)
9. checking loops (0)
10. checking partial_input_delay (0)
11. checking partial_output_delay (0)
12. checking latch_loops (0)

1. checking no_clock (51)
-------------------------
 There are 37 register/latch pins with no clock driven by root clock pin: clk (HIGH)

 There are 14 register/latch pins with no clock driven by root clock pin: cd0/clk_div_reg/Q (HIGH)


2. checking constant_clock (0)
------------------------------
 There are 0 register/latch pins with constant_clock.


3. checking pulse_width_clock (0)
---------------------------------
 There are 0 register/latch pins which need pulse_width check


4. checking unconstrained_internal_endpoints (102)
--------------------------------------------------
 There are 102 pins that are not constrained for maximum delay. (HIGH)

 There are 0 pins that are not constrained for maximum delay due to constant clock.


5. checking no_input_delay (5)
------------------------------
 There are 5 input ports with no input delay specified. (HIGH)

 There are 0 input ports with no input delay but user has a false path constraint.


6. checking no_output_delay (16)
--------------------------------
 There are 16 ports with no output delay specified. (HIGH)

 There are 0 ports with no output delay but user has a false path constraint

 There are 0 ports with no output delay but with a timing clock defined on it or propagating through it


7. checking multiple_clock (0)
------------------------------
 There are 0 register/latch pins with multiple clocks.


8. checking generated_clocks (0)
--------------------------------
 There are 0 generated clocks that are not connected to a clock source.


9. checking loops (0)
---------------------
 There are 0 combinational loops in the design.


10. checking partial_input_delay (0)
------------------------------------
 There are 0 input ports with partial input delay specified.


11. checking partial_output_delay (0)
-------------------------------------
 There are 0 ports with partial output delay specified.


12. checking latch_loops (0)
----------------------------
 There are 0 combinational latch loops in the design through latch input



------------------------------------------------------------------------------------------------
| Design Timing Summary
| ---------------------
------------------------------------------------------------------------------------------------

    WNS(ns)      TNS(ns)  TNS Failing Endpoints  TNS Total Endpoints      WHS(ns)      THS(ns)  THS Failing Endpoints  THS Total Endpoints     WPWS(ns)     TPWS(ns)  TPWS Failing Endpoints  TPWS Total Endpoints  
    -------      -------  ---------------------  -------------------      -------      -------  ---------------------  -------------------     --------     --------  ----------------------  --------------------  
        inf        0.000                      0                  118          inf        0.000                      0                  118           NA           NA                      NA                    NA  


There are no user specified timing constraints.


------------------------------------------------------------------------------------------------
| Clock Summary
| -------------
------------------------------------------------------------------------------------------------


------------------------------------------------------------------------------------------------
| Intra Clock Table
| -----------------
------------------------------------------------------------------------------------------------

Clock             WNS(ns)      TNS(ns)  TNS Failing Endpoints  TNS Total Endpoints      WHS(ns)      THS(ns)  THS Failing Endpoints  THS Total Endpoints     WPWS(ns)     TPWS(ns)  TPWS Failing Endpoints  TPWS Total Endpoints  
-----             -------      -------  ---------------------  -------------------      -------      -------  ---------------------  -------------------     --------     --------  ----------------------  --------------------  


------------------------------------------------------------------------------------------------
| Inter Clock Table
| -----------------
------------------------------------------------------------------------------------------------

From Clock    To Clock          WNS(ns)      TNS(ns)  TNS Failing Endpoints  TNS Total Endpoints      WHS(ns)      THS(ns)  THS Failing Endpoints  THS Total Endpoints  
----------    --------          -------      -------  ---------------------  -------------------      -------      -------  ---------------------  -------------------  


------------------------------------------------------------------------------------------------
| Other Path Groups Table
| -----------------------
------------------------------------------------------------------------------------------------

Path Group    From Clock    To Clock          WNS(ns)      TNS(ns)  TNS Failing Endpoints  TNS Total Endpoints      WHS(ns)      THS(ns)  THS Failing Endpoints  THS Total Endpoints  
----------    ----------    --------          -------      -------  ---------------------  -------------------      -------      -------  ---------------------  -------------------  


------------------------------------------------------------------------------------------------
| User Ignored Path Table
| -----------------------
------------------------------------------------------------------------------------------------

Path Group    From Clock    To Clock    
----------    ----------    --------    


------------------------------------------------------------------------------------------------
| Unconstrained Path Table
| ------------------------
------------------------------------------------------------------------------------------------

Path Group    From Clock    To Clock    
----------    ----------    --------    
(none)                                    


------------------------------------------------------------------------------------------------
| Timing Details
| --------------
------------------------------------------------------------------------------------------------


--------------------------------------------------------------------------------------
Path Group:  (none)
From Clock:  
  To Clock:  

Max Delay           118 Endpoints
Min Delay           118 Endpoints
--------------------------------------------------------------------------------------


Max Delay Paths
--------------------------------------------------------------------------------------
Slack:                    inf
  Source:                 num_to_display_reg[1]/C
                            (rising edge-triggered cell FDRE)
  Destination:            seg_cat[4]
                            (output port)
  Path Group:             (none)
  Path Type:              Max at Slow Process Corner
  Data Path Delay:        8.404ns  (logic 4.238ns (50.426%)  route 4.166ns (49.574%))
  Logic Levels:           3  (FDRE=1 LUT4=1 OBUF=1)

    Location             Delay type                Incr(ns)  Path(ns)    Netlist Resource(s)
  -------------------------------------------------------------------    -------------------
    SLICE_X42Y37         FDRE                         0.000     0.000 r  num_to_display_reg[1]/C
    SLICE_X42Y37         FDRE (Prop_fdre_C_Q)         0.518     0.518 f  num_to_display_reg[1]/Q
                         net (fo=7, routed)           1.272     1.790    num_to_display[1]
    SLICE_X42Y51         LUT4 (Prop_lut4_I1_O)        0.124     1.914 r  seg_cat_OBUF[4]_inst_i_1/O
                         net (fo=1, routed)           2.895     4.808    seg_cat_OBUF[4]
    M17                  OBUF (Prop_obuf_I_O)         3.596     8.404 r  seg_cat_OBUF[4]_inst/O
                         net (fo=0)                   0.000     8.404    seg_cat[4]
    M17                                                               r  seg_cat[4] (OUT)
  -------------------------------------------------------------------    -------------------

Slack:                    inf
  Source:                 num_to_display_reg[0]/C
                            (rising edge-triggered cell FDRE)
  Destination:            seg_cat[6]
                            (output port)
  Path Group:             (none)
  Path Type:              Max at Slow Process Corner
  Data Path Delay:        7.828ns  (logic 4.172ns (53.295%)  route 3.656ns (46.705%))
  Logic Levels:           3  (FDRE=1 LUT4=1 OBUF=1)

    Location             Delay type                Incr(ns)  Path(ns)    Netlist Resource(s)
  -------------------------------------------------------------------    -------------------
    SLICE_X42Y37         FDRE                         0.000     0.000 r  num_to_display_reg[0]/C
    SLICE_X42Y37         FDRE (Prop_fdre_C_Q)         0.518     0.518 r  num_to_display_reg[0]/Q
                         net (fo=7, routed)           1.252     1.770    num_to_display[0]
    SLICE_X42Y51         LUT4 (Prop_lut4_I1_O)        0.124     1.894 r  seg_cat_OBUF[6]_inst_i_1/O
                         net (fo=1, routed)           2.404     4.298    seg_cat_OBUF[6]
    H18                  OBUF (Prop_obuf_I_O)         3.530     7.828 r  seg_cat_OBUF[6]_inst/O
                         net (fo=0)                   0.000     7.828    seg_cat[6]
    H18                                                               r  seg_cat[6] (OUT)
  -------------------------------------------------------------------    -------------------

Slack:                    inf
  Source:                 num_to_display_reg[3]/C
                            (rising edge-triggered cell FDRE)
  Destination:            seg_cat[2]
                            (output port)
  Path Group:             (none)
  Path Type:              Max at Slow Process Corner
  Data Path Delay:        7.727ns  (logic 4.176ns (54.038%)  route 3.552ns (45.962%))
  Logic Levels:           3  (FDRE=1 LUT4=1 OBUF=1)

    Location             Delay type                Incr(ns)  Path(ns)    Netlist Resource(s)
  -------------------------------------------------------------------    -------------------
    SLICE_X42Y37         FDRE                         0.000     0.000 r  num_to_display_reg[3]/C
    SLICE_X42Y37         FDRE (Prop_fdre_C_Q)         0.518     0.518 r  num_to_display_reg[3]/Q
                         net (fo=7, routed)           1.244     1.762    num_to_display[3]
    SLICE_X42Y51         LUT4 (Prop_lut4_I0_O)        0.124     1.886 r  seg_cat_OBUF[2]_inst_i_1/O
                         net (fo=1, routed)           2.308     4.194    seg_cat_OBUF[2]
    J18                  OBUF (Prop_obuf_I_O)         3.534     7.727 r  seg_cat_OBUF[2]_inst/O
                         net (fo=0)                   0.000     7.727    seg_cat[2]
    J18                                                               r  seg_cat[2] (OUT)
  -------------------------------------------------------------------    -------------------

Slack:                    inf
  Source:                 num_to_display_reg[2]/C
                            (rising edge-triggered cell FDRE)
  Destination:            seg_cat[0]
                            (output port)
  Path Group:             (none)
  Path Type:              Max at Slow Process Corner
  Data Path Delay:        7.724ns  (logic 4.431ns (57.366%)  route 3.293ns (42.634%))
  Logic Levels:           3  (FDRE=1 LUT4=1 OBUF=1)

    Location             Delay type                Incr(ns)  Path(ns)    Netlist Resource(s)
  -------------------------------------------------------------------    -------------------
    SLICE_X42Y37         FDRE                         0.000     0.000 r  num_to_display_reg[2]/C
    SLICE_X42Y37         FDRE (Prop_fdre_C_Q)         0.518     0.518 r  num_to_display_reg[2]/Q
                         net (fo=7, routed)           1.284     1.802    num_to_display[2]
    SLICE_X42Y51         LUT4 (Prop_lut4_I1_O)        0.148     1.950 r  seg_cat_OBUF[0]_inst_i_1/O
                         net (fo=1, routed)           2.009     3.959    seg_cat_OBUF[0]
    K14                  OBUF (Prop_obuf_I_O)         3.765     7.724 r  seg_cat_OBUF[0]_inst/O
                         net (fo=0)                   0.000     7.724    seg_cat[0]
    K14                                                               r  seg_cat[0] (OUT)
  -------------------------------------------------------------------    -------------------

Slack:                    inf
  Source:                 md0/row_no_reg[0]/C
                            (rising edge-triggered cell FDCE)
  Destination:            JC3
                            (output port)
  Path Group:             (none)
  Path Type:              Max at Slow Process Corner
  Data Path Delay:        7.613ns  (logic 4.336ns (56.955%)  route 3.277ns (43.045%))
  Logic Levels:           3  (FDCE=1 LUT2=1 OBUF=1)

    Location             Delay type                Incr(ns)  Path(ns)    Netlist Resource(s)
  -------------------------------------------------------------------    -------------------
    SLICE_X43Y36         FDCE                         0.000     0.000 r  md0/row_no_reg[0]/C
    SLICE_X43Y36         FDCE (Prop_fdce_C_Q)         0.456     0.456 f  md0/row_no_reg[0]/Q
                         net (fo=10, routed)          1.120     1.576    md0/row_no[0]
    SLICE_X43Y30         LUT2 (Prop_lut2_I1_O)        0.152     1.728 r  md0/JC3_OBUF_inst_i_1/O
                         net (fo=1, routed)           2.157     3.885    JC3_OBUF
    V16                  OBUF (Prop_obuf_I_O)         3.728     7.613 r  JC3_OBUF_inst/O
                         net (fo=0)                   0.000     7.613    JC3
    V16                                                               r  JC3 (OUT)
  -------------------------------------------------------------------    -------------------

Slack:                    inf
  Source:                 num_to_display_reg[2]/C
                            (rising edge-triggered cell FDRE)
  Destination:            seg_cat[1]
                            (output port)
  Path Group:             (none)
  Path Type:              Max at Slow Process Corner
  Data Path Delay:        7.495ns  (logic 4.158ns (55.474%)  route 3.337ns (44.526%))
  Logic Levels:           3  (FDRE=1 LUT4=1 OBUF=1)

    Location             Delay type                Incr(ns)  Path(ns)    Netlist Resource(s)
  -------------------------------------------------------------------    -------------------
    SLICE_X42Y37         FDRE                         0.000     0.000 r  num_to_display_reg[2]/C
    SLICE_X42Y37         FDRE (Prop_fdre_C_Q)         0.518     0.518 r  num_to_display_reg[2]/Q
                         net (fo=7, routed)           1.284     1.802    num_to_display[2]
    SLICE_X42Y51         LUT4 (Prop_lut4_I1_O)        0.124     1.926 r  seg_cat_OBUF[1]_inst_i_1/O
                         net (fo=1, routed)           2.053     3.979    seg_cat_OBUF[1]
    H15                  OBUF (Prop_obuf_I_O)         3.516     7.495 r  seg_cat_OBUF[1]_inst/O
                         net (fo=0)                   0.000     7.495    seg_cat[1]
    H15                                                               r  seg_cat[1] (OUT)
  -------------------------------------------------------------------    -------------------

Slack:                    inf
  Source:                 num_to_display_reg[3]/C
                            (rising edge-triggered cell FDRE)
  Destination:            seg_cat[3]
                            (output port)
  Path Group:             (none)
  Path Type:              Max at Slow Process Corner
  Data Path Delay:        7.459ns  (logic 4.407ns (59.086%)  route 3.052ns (40.914%))
  Logic Levels:           3  (FDRE=1 LUT4=1 OBUF=1)

    Location             Delay type                Incr(ns)  Path(ns)    Netlist Resource(s)
  -------------------------------------------------------------------    -------------------
    SLICE_X42Y37         FDRE                         0.000     0.000 r  num_to_display_reg[3]/C
    SLICE_X42Y37         FDRE (Prop_fdre_C_Q)         0.518     0.518 r  num_to_display_reg[3]/Q
                         net (fo=7, routed)           1.244     1.762    num_to_display[3]
    SLICE_X42Y51         LUT4 (Prop_lut4_I0_O)        0.152     1.914 r  seg_cat_OBUF[3]_inst_i_1/O
                         net (fo=1, routed)           1.808     3.722    seg_cat_OBUF[3]
    J15                  OBUF (Prop_obuf_I_O)         3.737     7.459 r  seg_cat_OBUF[3]_inst/O
                         net (fo=0)                   0.000     7.459    seg_cat[3]
    J15                                                               r  seg_cat[3] (OUT)
  -------------------------------------------------------------------    -------------------

Slack:                    inf
  Source:                 num_to_display_reg[1]/C
                            (rising edge-triggered cell FDRE)
  Destination:            seg_cat[5]
                            (output port)
  Path Group:             (none)
  Path Type:              Max at Slow Process Corner
  Data Path Delay:        7.340ns  (logic 4.399ns (59.938%)  route 2.940ns (40.062%))
  Logic Levels:           3  (FDRE=1 LUT4=1 OBUF=1)

    Location             Delay type                Incr(ns)  Path(ns)    Netlist Resource(s)
  -------------------------------------------------------------------    -------------------
    SLICE_X42Y37         FDRE                         0.000     0.000 r  num_to_display_reg[1]/C
    SLICE_X42Y37         FDRE (Prop_fdre_C_Q)         0.518     0.518 r  num_to_display_reg[1]/Q
                         net (fo=7, routed)           1.272     1.790    num_to_display[1]
    SLICE_X42Y51         LUT4 (Prop_lut4_I3_O)        0.153     1.943 r  seg_cat_OBUF[5]_inst_i_1/O
                         net (fo=1, routed)           1.669     3.611    seg_cat_OBUF[5]
    J16                  OBUF (Prop_obuf_I_O)         3.728     7.340 r  seg_cat_OBUF[5]_inst/O
                         net (fo=0)                   0.000     7.340    seg_cat[5]
    J16                                                               r  seg_cat[5] (OUT)
  -------------------------------------------------------------------    -------------------

Slack:                    inf
  Source:                 md0/row_no_reg[0]/C
                            (rising edge-triggered cell FDCE)
  Destination:            JC1
                            (output port)
  Path Group:             (none)
  Path Type:              Max at Slow Process Corner
  Data Path Delay:        7.222ns  (logic 4.440ns (61.481%)  route 2.782ns (38.519%))
  Logic Levels:           3  (FDCE=1 LUT2=1 OBUF=1)

    Location             Delay type                Incr(ns)  Path(ns)    Netlist Resource(s)
  -------------------------------------------------------------------    -------------------
    SLICE_X43Y36         FDCE                         0.000     0.000 r  md0/row_no_reg[0]/C
    SLICE_X43Y36         FDCE (Prop_fdce_C_Q)         0.456     0.456 f  md0/row_no_reg[0]/Q
                         net (fo=10, routed)          1.119     1.575    md0/row_no[0]
    SLICE_X43Y30         LUT2 (Prop_lut2_I1_O)        0.152     1.727 r  md0/JC1_OBUF_inst_i_1/O
                         net (fo=1, routed)           1.663     3.390    JC1_OBUF
    V15                  OBUF (Prop_obuf_I_O)         3.832     7.222 r  JC1_OBUF_inst/O
                         net (fo=0)                   0.000     7.222    JC1
    V15                                                               r  JC1 (OUT)
  -------------------------------------------------------------------    -------------------

Slack:                    inf
  Source:                 md0/row_no_reg[0]/C
                            (rising edge-triggered cell FDCE)
  Destination:            JC2
                            (output port)
  Path Group:             (none)
  Path Type:              Max at Slow Process Corner
  Data Path Delay:        6.994ns  (logic 4.197ns (60.019%)  route 2.796ns (39.981%))
  Logic Levels:           3  (FDCE=1 LUT2=1 OBUF=1)

    Location             Delay type                Incr(ns)  Path(ns)    Netlist Resource(s)
  -------------------------------------------------------------------    -------------------
    SLICE_X43Y36         FDCE                         0.000     0.000 r  md0/row_no_reg[0]/C
    SLICE_X43Y36         FDCE (Prop_fdce_C_Q)         0.456     0.456 r  md0/row_no_reg[0]/Q
                         net (fo=10, routed)          1.120     1.576    md0/row_no[0]
    SLICE_X43Y30         LUT2 (Prop_lut2_I0_O)        0.124     1.700 r  md0/JC2_OBUF_inst_i_1/O
                         net (fo=1, routed)           1.676     3.376    JC2_OBUF
    W15                  OBUF (Prop_obuf_I_O)         3.617     6.994 r  JC2_OBUF_inst/O
                         net (fo=0)                   0.000     6.994    JC2
    W15                                                               r  JC2 (OUT)
  -------------------------------------------------------------------    -------------------





Min Delay Paths
--------------------------------------------------------------------------------------
Slack:                    inf
  Source:                 md0/sel_number_reg[0]/C
                            (rising edge-triggered cell FDRE)
  Destination:            num_to_display_reg[0]/D
  Path Group:             (none)
  Path Type:              Min at Fast Process Corner
  Data Path Delay:        0.274ns  (logic 0.164ns (59.853%)  route 0.110ns (40.147%))
  Logic Levels:           1  (FDRE=1)

    Location             Delay type                Incr(ns)  Path(ns)    Netlist Resource(s)
  -------------------------------------------------------------------    -------------------
    SLICE_X42Y36         FDRE                         0.000     0.000 r  md0/sel_number_reg[0]/C
    SLICE_X42Y36         FDRE (Prop_fdre_C_Q)         0.164     0.164 r  md0/sel_number_reg[0]/Q
                         net (fo=1, routed)           0.110     0.274    led_OBUF[6]
    SLICE_X42Y37         FDRE                                         r  num_to_display_reg[0]/D
  -------------------------------------------------------------------    -------------------

Slack:                    inf
  Source:                 md0/sel_number_reg[3]/C
                            (rising edge-triggered cell FDRE)
  Destination:            num_to_display_reg[3]/D
  Path Group:             (none)
  Path Type:              Min at Fast Process Corner
  Data Path Delay:        0.317ns  (logic 0.148ns (46.640%)  route 0.169ns (53.360%))
  Logic Levels:           1  (FDRE=1)

    Location             Delay type                Incr(ns)  Path(ns)    Netlist Resource(s)
  -------------------------------------------------------------------    -------------------
    SLICE_X42Y36         FDRE                         0.000     0.000 r  md0/sel_number_reg[3]/C
    SLICE_X42Y36         FDRE (Prop_fdre_C_Q)         0.148     0.148 r  md0/sel_number_reg[3]/Q
                         net (fo=1, routed)           0.169     0.317    led_OBUF[9]
    SLICE_X42Y37         FDRE                                         r  num_to_display_reg[3]/D
  -------------------------------------------------------------------    -------------------

Slack:                    inf
  Source:                 md0/sel_number_reg[1]/C
                            (rising edge-triggered cell FDRE)
  Destination:            num_to_display_reg[1]/D
  Path Group:             (none)
  Path Type:              Min at Fast Process Corner
  Data Path Delay:        0.336ns  (logic 0.164ns (48.770%)  route 0.172ns (51.230%))
  Logic Levels:           1  (FDRE=1)

    Location             Delay type                Incr(ns)  Path(ns)    Netlist Resource(s)
  -------------------------------------------------------------------    -------------------
    SLICE_X42Y36         FDRE                         0.000     0.000 r  md0/sel_number_reg[1]/C
    SLICE_X42Y36         FDRE (Prop_fdre_C_Q)         0.164     0.164 r  md0/sel_number_reg[1]/Q
                         net (fo=1, routed)           0.172     0.336    led_OBUF[7]
    SLICE_X42Y37         FDRE                                         r  num_to_display_reg[1]/D
  -------------------------------------------------------------------    -------------------

Slack:                    inf
  Source:                 cd0/clk_div_reg/C
                            (rising edge-triggered cell FDCE)
  Destination:            cd0/clk_div_reg/D
  Path Group:             (none)
  Path Type:              Min at Fast Process Corner
  Data Path Delay:        0.354ns  (logic 0.186ns (52.498%)  route 0.168ns (47.502%))
  Logic Levels:           2  (FDCE=1 LUT5=1)

    Location             Delay type                Incr(ns)  Path(ns)    Netlist Resource(s)
  -------------------------------------------------------------------    -------------------
    SLICE_X39Y35         FDCE                         0.000     0.000 r  cd0/clk_div_reg/C
    SLICE_X39Y35         FDCE (Prop_fdce_C_Q)         0.141     0.141 r  cd0/clk_div_reg/Q
                         net (fo=15, routed)          0.168     0.309    cd0/CLK
    SLICE_X39Y35         LUT5 (Prop_lut5_I4_O)        0.045     0.354 r  cd0/clk_div_i_1/O
                         net (fo=1, routed)           0.000     0.354    cd0/clk_div_i_1_n_0
    SLICE_X39Y35         FDCE                                         r  cd0/clk_div_reg/D
  -------------------------------------------------------------------    -------------------

Slack:                    inf
  Source:                 cd0/count_reg[0]/C
                            (rising edge-triggered cell FDCE)
  Destination:            cd0/count_reg[0]/D
  Path Group:             (none)
  Path Type:              Min at Fast Process Corner
  Data Path Delay:        0.384ns  (logic 0.209ns (54.393%)  route 0.175ns (45.607%))
  Logic Levels:           2  (FDCE=1 LUT1=1)

    Location             Delay type                Incr(ns)  Path(ns)    Netlist Resource(s)
  -------------------------------------------------------------------    -------------------
    SLICE_X42Y32         FDCE                         0.000     0.000 r  cd0/count_reg[0]/C
    SLICE_X42Y32         FDCE (Prop_fdce_C_Q)         0.164     0.164 f  cd0/count_reg[0]/Q
                         net (fo=3, routed)           0.175     0.339    cd0/count[0]
    SLICE_X42Y32         LUT1 (Prop_lut1_I0_O)        0.045     0.384 r  cd0/count[0]_i_1/O
                         net (fo=1, routed)           0.000     0.384    cd0/count_0[0]
    SLICE_X42Y32         FDCE                                         r  cd0/count_reg[0]/D
  -------------------------------------------------------------------    -------------------

Slack:                    inf
  Source:                 md0/row_no_reg[1]/C
                            (rising edge-triggered cell FDCE)
  Destination:            md0/sel_number_reg[1]_lopt_replica/D
  Path Group:             (none)
  Path Type:              Min at Fast Process Corner
  Data Path Delay:        0.424ns  (logic 0.232ns (54.671%)  route 0.192ns (45.329%))
  Logic Levels:           2  (FDCE=1 LUT4=1)

    Location             Delay type                Incr(ns)  Path(ns)    Netlist Resource(s)
  -------------------------------------------------------------------    -------------------
    SLICE_X43Y36         FDCE                         0.000     0.000 r  md0/row_no_reg[1]/C
    SLICE_X43Y36         FDCE (Prop_fdce_C_Q)         0.128     0.128 r  md0/row_no_reg[1]/Q
                         net (fo=9, routed)           0.133     0.261    md0/row_no[1]
    SLICE_X43Y36         LUT4 (Prop_lut4_I3_O)        0.104     0.365 r  md0/sel_number[1]_i_1/O
                         net (fo=2, routed)           0.059     0.424    md0/calc_number[1]
    SLICE_X42Y36         FDRE                                         r  md0/sel_number_reg[1]_lopt_replica/D
  -------------------------------------------------------------------    -------------------

Slack:                    inf
  Source:                 md0/row_no_reg[0]/C
                            (rising edge-triggered cell FDCE)
  Destination:            md0/row_no_reg[1]/D
  Path Group:             (none)
  Path Type:              Min at Fast Process Corner
  Data Path Delay:        0.426ns  (logic 0.184ns (43.172%)  route 0.242ns (56.828%))
  Logic Levels:           2  (FDCE=1 LUT4=1)

    Location             Delay type                Incr(ns)  Path(ns)    Netlist Resource(s)
  -------------------------------------------------------------------    -------------------
    SLICE_X43Y36         FDCE                         0.000     0.000 r  md0/row_no_reg[0]/C
    SLICE_X43Y36         FDCE (Prop_fdce_C_Q)         0.141     0.141 r  md0/row_no_reg[0]/Q
                         net (fo=10, routed)          0.242     0.383    md0/row_no[0]
    SLICE_X43Y36         LUT4 (Prop_lut4_I0_O)        0.043     0.426 r  md0/row_no[1]_i_1/O
                         net (fo=1, routed)           0.000     0.426    md0/row_no[1]_i_1_n_0
    SLICE_X43Y36         FDCE                                         r  md0/row_no_reg[1]/D
  -------------------------------------------------------------------    -------------------

Slack:                    inf
  Source:                 md0/row_no_reg[0]/C
                            (rising edge-triggered cell FDCE)
  Destination:            md0/row_no_reg[0]/D
  Path Group:             (none)
  Path Type:              Min at Fast Process Corner
  Data Path Delay:        0.428ns  (logic 0.186ns (43.438%)  route 0.242ns (56.562%))
  Logic Levels:           2  (FDCE=1 LUT3=1)

    Location             Delay type                Incr(ns)  Path(ns)    Netlist Resource(s)
  -------------------------------------------------------------------    -------------------
    SLICE_X43Y36         FDCE                         0.000     0.000 r  md0/row_no_reg[0]/C
    SLICE_X43Y36         FDCE (Prop_fdce_C_Q)         0.141     0.141 r  md0/row_no_reg[0]/Q
                         net (fo=10, routed)          0.242     0.383    md0/row_no[0]
    SLICE_X43Y36         LUT3 (Prop_lut3_I2_O)        0.045     0.428 r  md0/row_no[0]_i_1/O
                         net (fo=1, routed)           0.000     0.428    md0/row_no[0]_i_1_n_0
    SLICE_X43Y36         FDCE                                         r  md0/row_no_reg[0]/D
  -------------------------------------------------------------------    -------------------

Slack:                    inf
  Source:                 md0/col_no_reg[0]/C
                            (rising edge-triggered cell FDCE)
  Destination:            md0/col_no_reg[0]/D
  Path Group:             (none)
  Path Type:              Min at Fast Process Corner
  Data Path Delay:        0.430ns  (logic 0.186ns (43.237%)  route 0.244ns (56.763%))
  Logic Levels:           2  (FDCE=1 LUT1=1)

    Location             Delay type                Incr(ns)  Path(ns)    Netlist Resource(s)
  -------------------------------------------------------------------    -------------------
    SLICE_X43Y36         FDCE                         0.000     0.000 r  md0/col_no_reg[0]/C
    SLICE_X43Y36         FDCE (Prop_fdce_C_Q)         0.141     0.141 f  md0/col_no_reg[0]/Q
                         net (fo=9, routed)           0.244     0.385    md0/col_no[0]
    SLICE_X43Y36         LUT1 (Prop_lut1_I0_O)        0.045     0.430 r  md0/col_no[0]_i_1/O
                         net (fo=1, routed)           0.000     0.430    md0/col_no[0]_i_1_n_0
    SLICE_X43Y36         FDCE                                         r  md0/col_no_reg[0]/D
  -------------------------------------------------------------------    -------------------

Slack:                    inf
  Source:                 md0/col_no_reg[0]/C
                            (rising edge-triggered cell FDCE)
  Destination:            md0/col_no_reg[1]/D
  Path Group:             (none)
  Path Type:              Min at Fast Process Corner
  Data Path Delay:        0.431ns  (logic 0.187ns (43.368%)  route 0.244ns (56.632%))
  Logic Levels:           2  (FDCE=1 LUT2=1)

    Location             Delay type                Incr(ns)  Path(ns)    Netlist Resource(s)
  -------------------------------------------------------------------    -------------------
    SLICE_X43Y36         FDCE                         0.000     0.000 r  md0/col_no_reg[0]/C
    SLICE_X43Y36         FDCE (Prop_fdce_C_Q)         0.141     0.141 r  md0/col_no_reg[0]/Q
                         net (fo=9, routed)           0.244     0.385    md0/col_no[0]
    SLICE_X43Y36         LUT2 (Prop_lut2_I0_O)        0.046     0.431 r  md0/col_no[1]_i_1/O
                         net (fo=1, routed)           0.000     0.431    md0/col_no[1]_i_1_n_0
    SLICE_X43Y36         FDCE                                         r  md0/col_no_reg[1]/D
  -------------------------------------------------------------------    -------------------





