#-----------------------------------------------------------
# Vivado v2025.2 (64-bit)
# SW Build 6299465 on Fri Nov 14 12:34:56 MST 2025
# IP Build 6300035 on Fri Nov 14 10:48:45 MST 2025
# SharedData Build 6298862 on Thu Nov 13 04:50:51 MST 2025
# Start of session at: Thu Jul  2 13:47:13 2026
# Process ID         : 50206
# Current directory  : /home/pyra/Documents/Personal Projects/CHIP8-on-Blackboard/project_1.runs/impl_1
# Command line       : vivado -log matrix_to_sevenseg.vdi -applog -product Vivado -messageDb vivado.pb -mode batch -source matrix_to_sevenseg.tcl -notrace
# Log file           : /home/pyra/Documents/Personal Projects/CHIP8-on-Blackboard/project_1.runs/impl_1/matrix_to_sevenseg.vdi
# Journal file       : /home/pyra/Documents/Personal Projects/CHIP8-on-Blackboard/project_1.runs/impl_1/vivado.jou
# Running On         : pyra-pargat-linuxmint
# Platform           : Linuxmint
# Operating System   : Linux Mint 22.3
# Processor Detail   : 13th Gen Intel(R) Core(TM) i5-13420H
# CPU Frequency      : 400.630 MHz
# CPU Physical cores : 8
# CPU Logical cores  : 12
# Host memory        : 33271 MB
# Swap memory        : 0 MB
# Total Virtual      : 33271 MB
# Available Virtual  : 25970 MB
#-----------------------------------------------------------
source matrix_to_sevenseg.tcl -notrace
